// Jest Snapshot v1, https://goo.gl/fbAQLP

exports[`BottomSheetHelper matches snapshot 1`] = `null`;
