// Jest Snapshot v1, https://goo.gl/fbAQLP

exports[`<Container /> snapshot matches the snapshot 1`] = `
<View
  style={
    [
      {},
      [
        {
          "flex": 1,
          "height": "100%",
          "padding": 0,
        },
        undefined,
      ],
    ]
  }
/>
`;
